# this file contains a list of all communicated objects needed by this 
# specific module
# specify these with the .dco extension, examples:
# CitationExample/comm-objects/MyDataObject.dco
# Generic/comm-objects/PrimaryControls.dco
# Generic/comm-objects/PrimaryControls.dco
# Generic/comm-objects/SecondaryControls.dco
# Generic/comm-objects/PrimarySwitches.dco
# Generic/comm-objects/SecondarySwitches.dco
# CitationDemo/comm-objects/CitationPilotInput.dco
# Asym1/comm-objects/MalfunctionsChannel.dco
# Asym1/comm-objects/AsymmetryChannel.dco
# CitationExample/comm-objects/TurbulenceConfiguration.dco
# Asym1/comm-objects/Vc_Channel.dco

### for the logger ###

SenecaAutomationTraining/comm-objects/INCOSelect.dco
SenecaAutomationTraining/comm-objects/MassEvent.dco
SenecaAutomationTraining/comm-objects/ControlEvent.dco
SenecaAutomationTraining/comm-objects/EngineEvent.dco
SenecaAutomationTraining/comm-objects/DisplayEvent.dco
SenecaAutomationTraining/comm-objects/WindEvent.dco
SenecaAutomationTraining/comm-objects/AutopilotChannel.dco
SenecaAutomationTraining/comm-objects/GFC700Event.dco
SenecaAutomationTraining/comm-objects/AP2G1000Channel.dco
SenecaAutomationTraining/comm-objects/GFC700Event.dco
SenecaAutomationTraining/comm-objects/FailureEvent.dco

CitationExample/comm-objects/CitationOutput.dco


### additional channels for the replayer ###

SenecaAutomationTraining/comm-objects/PropSoundData.dco

Generic/comm-objects/VehicleCabPosition.dco
SRSMotion/comm-objects/MotionConfirm.dco
SRSMotion/comm-objects/MotionRequest.dco
SRSMotion/comm-objects/VehicleCabMotion.dco


